INPUT:
A1: 0
A2: A2
B1: =1+2*3
B2: =B1 + 3
B3: =B1 * B2
B4: =SUM(B1, B2, B3)
B5: =AVG(B2, 10 + 2 * 5, SUM(B2, 0))
B26: 1
C1: =PI(0)
C2: =SIN(0)
C3: =COS(0)
C4: =SIN(PI(0)/2)
C5: =COS(PI(0)/2)+2
C6: =SIN(0.5)*SIN(0.5) + COS(0.5)*COS(0.5)
C11: C11
D1: =3/4
D2: =3-4
Z1: Z1
Z2: 2
AA3: 3
AZ4: 4
BA5: 5
AAA1000: 6

COMPILING:
ERROR compiling A2 -- not formula
ERROR compiling C11 -- not formula
ERROR compiling Z1 -- not formula

COMPILED:
A1: 0
B1: (+ 1 (* 2 3))
B2: (+ B1 3)
B3: (* B1 B2)
B4: (+ B1 B2 B3)
B5: (avg B2 (+ 10 (* 2 5)) (+ B2 0))
B26: 1
C1: (pi 0)
C2: (sin 0)
C3: (cos 0)
C4: (sin (/ (pi 0) 2))
C5: (+ (cos (/ (pi 0) 2)) 2)
C6: (+ (* (sin 0.5) (sin 0.5)) (* (cos 0.5) (cos 0.5)))
D1: (/ 3 4)
D2: (- 3 4)
Z2: 2
AA3: 3
AZ4: 4
BA5: 5
AAA1000: 6

EVALUATED:
A1: 0
B1: 7
B2: 10
B3: 70
B4: 87
B5: 13.3333
B26: 1
C1: 3.14159
C2: 0
C3: 1
C4: 1
C5: 2
C6: 1
D1: 0.75
D2: -1
Z2: 2
AA3: 3
AZ4: 4
BA5: 5
AAA1000: 6

